{
    "output_files": {
        "content": [
            
        ],
        "meta": {
            "nf-test": "0.9.0",
            "nextflow": "24.04.4"
        },
        "timestamp": "2024-09-11T13:48:20.214428157"
    },
    "software_versions": {
        "content": [
            "{Workflow={nf-core/references=v1.0dev}}"
        ],
        "meta": {
            "nf-test": "0.9.0",
            "nextflow": "24.04.4"
        },
        "timestamp": "2024-09-11T13:48:20.201308936"
    }
}