{
    "Run with profile test for kallisto | --input GRCh38_chr21.yml": {
        "content": [
            4,
            {
                "GFFREAD": {
                    "gffread": "0.12.7"
                },
                "KALLISTO_INDEX": {
                    "kallisto": "0.51.1"
                },
                "MAKE_TRANSCRIPTS_FASTA": {
                    "rsem": "1.3.1",
                    "star": "2.7.10a"
                },
                "Workflow": {
                    "nf-core/references": "v1.0dev"
                }
            },
            [
                "gffread",
                "gffread/GRCh38_chr21.gtf",
                "kallisto",
                "kallisto/kallisto",
                "make",
                "make/genome.transcripts.fa",
                "multiqc",
                "multiqc/multiqc_data",
                "multiqc/multiqc_data/multiqc.log",
                "multiqc/multiqc_data/multiqc_citations.txt",
                "multiqc/multiqc_data/multiqc_data.json",
                "multiqc/multiqc_data/multiqc_software_versions.txt",
                "multiqc/multiqc_data/multiqc_sources.txt",
                "multiqc/multiqc_report.html",
                "pipeline_info",
                "pipeline_info/nf_core_references_software_mqc_versions.yml"
            ],
            [
                "GRCh38_chr21.gtf:md5,c552c0aee5f1becb1d3991d21e63a5c1",
                "genome.transcripts.fa:md5,fd4e06fc250a19351a611a44861b9aea",
                "multiqc_citations.txt:md5,4c806e63a283ec1b7e78cdae3a923d4f"
            ]
        ],
        "meta": {
            "nf-test": "0.9.2",
            "nextflow": "24.10.2"
        },
        "timestamp": "2024-11-28T09:49:13.419658545"
    },
    "Run with profile test for kallisto | --input assets/test/default_extended.yml": {
        "content": [
            2,
            {
                "KALLISTO_INDEX": {
                    "kallisto": "0.51.1"
                },
                "Workflow": {
                    "nf-core/references": "v1.0dev"
                }
            },
            [
                "kallisto",
                "kallisto/kallisto",
                "multiqc",
                "multiqc/multiqc_data",
                "multiqc/multiqc_data/multiqc.log",
                "multiqc/multiqc_data/multiqc_citations.txt",
                "multiqc/multiqc_data/multiqc_data.json",
                "multiqc/multiqc_data/multiqc_software_versions.txt",
                "multiqc/multiqc_data/multiqc_sources.txt",
                "multiqc/multiqc_report.html",
                "pipeline_info",
                "pipeline_info/nf_core_references_software_mqc_versions.yml"
            ],
            [
                "multiqc_citations.txt:md5,4c806e63a283ec1b7e78cdae3a923d4f"
            ]
        ],
        "meta": {
            "nf-test": "0.9.2",
            "nextflow": "24.10.2"
        },
        "timestamp": "2024-11-28T09:48:51.312930217"
    }
}
