{
    "Run with profile test for rnaseq [kallisto] | --input assets/genomes/test/pipelines/default_extended.yml": {
        "content": [
            2,
            {
                "KALLISTO_INDEX": {
                    "kallisto": "0.51.1"
                },
                "Workflow": {
                    "nf-core/references": "v1.0dev"
                }
            },
            [
                "kallisto",
                "kallisto/kallisto",
                "multiqc",
                "multiqc/multiqc_data",
                "multiqc/multiqc_report.html",
                "pipeline_info",
                "pipeline_info/nf_core_references_software_mqc_versions.yml"
            ],
            [
                
            ]
        ],
        "meta": {
            "nf-test": "0.9.2",
            "nextflow": "24.10.1"
        },
        "timestamp": "2024-11-26T18:43:29.900408659"
    },
    "Run with profile test for rnaseq [kallisto] | --input GRCh38_chr21.yml": {
        "content": [
            3,
            {
                "KALLISTO_INDEX": {
                    "kallisto": "0.51.1"
                },
                "MAKE_TRANSCRIPTS_FASTA": {
                    "rsem": "1.3.1",
                    "star": "2.7.10a"
                },
                "Workflow": {
                    "nf-core/references": "v1.0dev"
                }
            },
            [
                "kallisto",
                "kallisto/kallisto",
                "make",
                "make/genome.transcripts.fa",
                "multiqc",
                "multiqc/multiqc_data",
                "multiqc/multiqc_report.html",
                "pipeline_info",
                "pipeline_info/nf_core_references_software_mqc_versions.yml"
            ],
            [
                "genome.transcripts.fa:md5,fd4e06fc250a19351a611a44861b9aea"
            ]
        ],
        "meta": {
            "nf-test": "0.9.2",
            "nextflow": "24.10.1"
        },
        "timestamp": "2024-11-26T19:50:10.519207921"
    }
}