{
    "Run with profile test for sarek [intervals] | --input assets/genomes/test/pipelines/default_extended.yml": {
        "content": [
            1,
            {
                "Workflow": {
                    "nf-core/references": "v1.0dev"
                }
            },
            [
                "multiqc",
                "multiqc/multiqc_data",
                "multiqc/multiqc_data/multiqc.log",
                "multiqc/multiqc_data/multiqc_citations.txt",
                "multiqc/multiqc_data/multiqc_data.json",
                "multiqc/multiqc_data/multiqc_software_versions.txt",
                "multiqc/multiqc_data/multiqc_sources.txt",
                "multiqc/multiqc_report.html",
                "pipeline_info",
                "pipeline_info/nf_core_references_software_mqc_versions.yml"
            ],
            [
                "multiqc_citations.txt:md5,4c806e63a283ec1b7e78cdae3a923d4f"
            ]
        ],
        "meta": {
            "nf-test": "0.9.2",
            "nextflow": "24.10.1"
        },
        "timestamp": "2024-11-27T10:32:58.382562418"
    },
    "Run with profile test for sarek [intervals] | --input assets/genomes/test/pipelines/default_full.yml": {
        "content": [
            1,
            {
                "Workflow": {
                    "nf-core/references": "v1.0dev"
                }
            },
            [
                "multiqc",
                "multiqc/multiqc_data",
                "multiqc/multiqc_data/multiqc.log",
                "multiqc/multiqc_data/multiqc_citations.txt",
                "multiqc/multiqc_data/multiqc_data.json",
                "multiqc/multiqc_data/multiqc_software_versions.txt",
                "multiqc/multiqc_data/multiqc_sources.txt",
                "multiqc/multiqc_report.html",
                "pipeline_info",
                "pipeline_info/nf_core_references_software_mqc_versions.yml"
            ],
            [
                "multiqc_citations.txt:md5,4c806e63a283ec1b7e78cdae3a923d4f"
            ]
        ],
        "meta": {
            "nf-test": "0.9.2",
            "nextflow": "24.10.1"
        },
        "timestamp": "2024-11-27T10:33:22.33788931"
    }
}