{
    "Run with profile test with tabix | --input assets/test/default_full.yml": {
        "content": [
            1,
            {
                "Workflow": {
                    "nf-core/references": "v1.0.0dev"
                }
            },
            [
                "index.json",
                "multiqc",
                "multiqc/multiqc_data",
                "multiqc/multiqc_data/multiqc.log",
                "multiqc/multiqc_data/multiqc_citations.txt",
                "multiqc/multiqc_data/multiqc_data.json",
                "multiqc/multiqc_data/multiqc_software_versions.txt",
                "multiqc/multiqc_data/multiqc_sources.txt",
                "multiqc/multiqc_report.html",
                "pipeline_info",
                "pipeline_info/nf_core_references_software_mqc_versions.yml"
            ],
            [
                "multiqc_citations.txt:md5,4c806e63a283ec1b7e78cdae3a923d4f"
            ]
        ],
        "meta": {
            "nf-test": "0.9.2",
            "nextflow": "24.10.3"
        },
        "timestamp": "2025-01-07T15:37:06.912762838"
    },
    "Run with profile test with tabix | --input assets/test/default_extended.yml": {
        "content": [
            2,
            {
                "TABIX_BGZIPTABIX": {
                    "tabix": 1.2
                },
                "Workflow": {
                    "nf-core/references": "v1.0.0dev"
                }
            },
            [
                "Homo_sapiens",
                "Homo_sapiens/nf-core",
                "Homo_sapiens/nf-core/references",
                "Homo_sapiens/nf-core/references/GRCh38_MT",
                "Homo_sapiens/nf-core/references/GRCh38_MT/Annotation",
                "Homo_sapiens/nf-core/references/GRCh38_MT/Annotation/genmod_compound",
                "Homo_sapiens/nf-core/references/GRCh38_MT/Annotation/genmod_compound/GRCh38_MT.vcf.gz.tbi",
                "index.json",
                "multiqc",
                "multiqc/multiqc_data",
                "multiqc/multiqc_data/multiqc.log",
                "multiqc/multiqc_data/multiqc_citations.txt",
                "multiqc/multiqc_data/multiqc_data.json",
                "multiqc/multiqc_data/multiqc_software_versions.txt",
                "multiqc/multiqc_data/multiqc_sources.txt",
                "multiqc/multiqc_report.html",
                "pipeline_info",
                "pipeline_info/nf_core_references_software_mqc_versions.yml"
            ],
            [
                "GRCh38_MT.vcf.gz.tbi:md5,2473d74262eddbb8ab7bceaa74f23c50",
                "multiqc_citations.txt:md5,4c806e63a283ec1b7e78cdae3a923d4f"
            ]
        ],
        "meta": {
            "nf-test": "0.9.2",
            "nextflow": "24.10.4"
        },
        "timestamp": "2025-01-21T13:25:24.187520607"
    }
}