{
    "-profile test WBCEL235 --input Caenorhabditis_elegans/NCBI/WBcel235.yml": {
        "content": [
            10,
            {
                "BUILD_INTERVALS": {
                    "gawk": "5.3.0"
                },
                "BWAMEM1_INDEX": {
                    "bwa": "0.7.18-r1243-dirty"
                },
                "GATK4_CREATESEQUENCEDICTIONARY": {
                    "gatk4": "4.6.1.0"
                },
                "GUNZIP_FASTA": {
                    "gunzip": 1.13
                },
                "GUNZIP_GFF": {
                    "gunzip": 1.13
                },
                "GUNZIP_GTF": {
                    "gunzip": 1.13
                },
                "RSEM_PREPAREREFERENCE_GENOME": {
                    "rsem": "1.3.1",
                    "star": "2.7.10a"
                },
                "SAMTOOLS_FAIDX": {
                    "samtools": 1.21
                },
                "STAR_GENOMEGENERATE": {
                    "star": "2.7.11b",
                    "samtools": 1.21,
                    "gawk": "5.1.0"
                },
                "Workflow": {
                    "nf-core/references": "v1.0.0dev"
                }
            },
            [
                "Caenorhabditis_elegans",
                "Caenorhabditis_elegans/NCBI",
                "Caenorhabditis_elegans/NCBI/WBcel235",
                "Caenorhabditis_elegans/NCBI/WBcel235/Annotation",
                "Caenorhabditis_elegans/NCBI/WBcel235/Annotation/Genes",
                "Caenorhabditis_elegans/NCBI/WBcel235/Annotation/Genes/GCF_000002985.6_WBcel235_genomic.gff",
                "Caenorhabditis_elegans/NCBI/WBcel235/Annotation/Genes/GCF_000002985.6_WBcel235_genomic.gtf",
                "Caenorhabditis_elegans/NCBI/WBcel235/Annotation/intervals",
                "Caenorhabditis_elegans/NCBI/WBcel235/Annotation/intervals/WBcel235.bed",
                "Caenorhabditis_elegans/NCBI/WBcel235/Sequence",
                "Caenorhabditis_elegans/NCBI/WBcel235/Sequence/BWAIndex",
                "Caenorhabditis_elegans/NCBI/WBcel235/Sequence/BWAIndex/version0.7.18",
                "Caenorhabditis_elegans/NCBI/WBcel235/Sequence/BWAIndex/version0.7.18/GCF_000002985.6_WBcel235_genomic.amb",
                "Caenorhabditis_elegans/NCBI/WBcel235/Sequence/BWAIndex/version0.7.18/GCF_000002985.6_WBcel235_genomic.ann",
                "Caenorhabditis_elegans/NCBI/WBcel235/Sequence/BWAIndex/version0.7.18/GCF_000002985.6_WBcel235_genomic.bwt",
                "Caenorhabditis_elegans/NCBI/WBcel235/Sequence/BWAIndex/version0.7.18/GCF_000002985.6_WBcel235_genomic.pac",
                "Caenorhabditis_elegans/NCBI/WBcel235/Sequence/BWAIndex/version0.7.18/GCF_000002985.6_WBcel235_genomic.sa",
                "Caenorhabditis_elegans/NCBI/WBcel235/Sequence/RSEMIndex",
                "Caenorhabditis_elegans/NCBI/WBcel235/Sequence/RSEMIndex/GCF_000002985.6",
                "Caenorhabditis_elegans/NCBI/WBcel235/Sequence/RSEMIndex/GCF_000002985.6/version1.3.1",
                "Caenorhabditis_elegans/NCBI/WBcel235/Sequence/RSEMIndex/GCF_000002985.6/version1.3.1/GCF_000002985.6_WBcel235_genomic.fna",
                "Caenorhabditis_elegans/NCBI/WBcel235/Sequence/RSEMIndex/GCF_000002985.6/version1.3.1/Genome",
                "Caenorhabditis_elegans/NCBI/WBcel235/Sequence/RSEMIndex/GCF_000002985.6/version1.3.1/Log.out",
                "Caenorhabditis_elegans/NCBI/WBcel235/Sequence/RSEMIndex/GCF_000002985.6/version1.3.1/SA",
                "Caenorhabditis_elegans/NCBI/WBcel235/Sequence/RSEMIndex/GCF_000002985.6/version1.3.1/SAindex",
                "Caenorhabditis_elegans/NCBI/WBcel235/Sequence/RSEMIndex/GCF_000002985.6/version1.3.1/chrLength.txt",
                "Caenorhabditis_elegans/NCBI/WBcel235/Sequence/RSEMIndex/GCF_000002985.6/version1.3.1/chrName.txt",
                "Caenorhabditis_elegans/NCBI/WBcel235/Sequence/RSEMIndex/GCF_000002985.6/version1.3.1/chrNameLength.txt",
                "Caenorhabditis_elegans/NCBI/WBcel235/Sequence/RSEMIndex/GCF_000002985.6/version1.3.1/chrStart.txt",
                "Caenorhabditis_elegans/NCBI/WBcel235/Sequence/RSEMIndex/GCF_000002985.6/version1.3.1/exonGeTrInfo.tab",
                "Caenorhabditis_elegans/NCBI/WBcel235/Sequence/RSEMIndex/GCF_000002985.6/version1.3.1/exonInfo.tab",
                "Caenorhabditis_elegans/NCBI/WBcel235/Sequence/RSEMIndex/GCF_000002985.6/version1.3.1/geneInfo.tab",
                "Caenorhabditis_elegans/NCBI/WBcel235/Sequence/RSEMIndex/GCF_000002985.6/version1.3.1/genome.chrlist",
                "Caenorhabditis_elegans/NCBI/WBcel235/Sequence/RSEMIndex/GCF_000002985.6/version1.3.1/genome.grp",
                "Caenorhabditis_elegans/NCBI/WBcel235/Sequence/RSEMIndex/GCF_000002985.6/version1.3.1/genome.idx.fa",
                "Caenorhabditis_elegans/NCBI/WBcel235/Sequence/RSEMIndex/GCF_000002985.6/version1.3.1/genome.n2g.idx.fa",
                "Caenorhabditis_elegans/NCBI/WBcel235/Sequence/RSEMIndex/GCF_000002985.6/version1.3.1/genome.seq",
                "Caenorhabditis_elegans/NCBI/WBcel235/Sequence/RSEMIndex/GCF_000002985.6/version1.3.1/genome.ti",
                "Caenorhabditis_elegans/NCBI/WBcel235/Sequence/RSEMIndex/GCF_000002985.6/version1.3.1/genome.transcripts.fa",
                "Caenorhabditis_elegans/NCBI/WBcel235/Sequence/RSEMIndex/GCF_000002985.6/version1.3.1/genomeParameters.txt",
                "Caenorhabditis_elegans/NCBI/WBcel235/Sequence/RSEMIndex/GCF_000002985.6/version1.3.1/sjdbInfo.txt",
                "Caenorhabditis_elegans/NCBI/WBcel235/Sequence/RSEMIndex/GCF_000002985.6/version1.3.1/sjdbList.fromGTF.out.tab",
                "Caenorhabditis_elegans/NCBI/WBcel235/Sequence/RSEMIndex/GCF_000002985.6/version1.3.1/sjdbList.out.tab",
                "Caenorhabditis_elegans/NCBI/WBcel235/Sequence/RSEMIndex/GCF_000002985.6/version1.3.1/transcriptInfo.tab",
                "Caenorhabditis_elegans/NCBI/WBcel235/Sequence/STARIndex",
                "Caenorhabditis_elegans/NCBI/WBcel235/Sequence/STARIndex/GCF_000002985.6",
                "Caenorhabditis_elegans/NCBI/WBcel235/Sequence/STARIndex/GCF_000002985.6/version2.7.11b",
                "Caenorhabditis_elegans/NCBI/WBcel235/Sequence/STARIndex/GCF_000002985.6/version2.7.11b/Genome",
                "Caenorhabditis_elegans/NCBI/WBcel235/Sequence/STARIndex/GCF_000002985.6/version2.7.11b/Log.out",
                "Caenorhabditis_elegans/NCBI/WBcel235/Sequence/STARIndex/GCF_000002985.6/version2.7.11b/SA",
                "Caenorhabditis_elegans/NCBI/WBcel235/Sequence/STARIndex/GCF_000002985.6/version2.7.11b/SAindex",
                "Caenorhabditis_elegans/NCBI/WBcel235/Sequence/STARIndex/GCF_000002985.6/version2.7.11b/chrLength.txt",
                "Caenorhabditis_elegans/NCBI/WBcel235/Sequence/STARIndex/GCF_000002985.6/version2.7.11b/chrName.txt",
                "Caenorhabditis_elegans/NCBI/WBcel235/Sequence/STARIndex/GCF_000002985.6/version2.7.11b/chrNameLength.txt",
                "Caenorhabditis_elegans/NCBI/WBcel235/Sequence/STARIndex/GCF_000002985.6/version2.7.11b/chrStart.txt",
                "Caenorhabditis_elegans/NCBI/WBcel235/Sequence/STARIndex/GCF_000002985.6/version2.7.11b/exonGeTrInfo.tab",
                "Caenorhabditis_elegans/NCBI/WBcel235/Sequence/STARIndex/GCF_000002985.6/version2.7.11b/exonInfo.tab",
                "Caenorhabditis_elegans/NCBI/WBcel235/Sequence/STARIndex/GCF_000002985.6/version2.7.11b/geneInfo.tab",
                "Caenorhabditis_elegans/NCBI/WBcel235/Sequence/STARIndex/GCF_000002985.6/version2.7.11b/genomeParameters.txt",
                "Caenorhabditis_elegans/NCBI/WBcel235/Sequence/STARIndex/GCF_000002985.6/version2.7.11b/sjdbInfo.txt",
                "Caenorhabditis_elegans/NCBI/WBcel235/Sequence/STARIndex/GCF_000002985.6/version2.7.11b/sjdbList.fromGTF.out.tab",
                "Caenorhabditis_elegans/NCBI/WBcel235/Sequence/STARIndex/GCF_000002985.6/version2.7.11b/sjdbList.out.tab",
                "Caenorhabditis_elegans/NCBI/WBcel235/Sequence/STARIndex/GCF_000002985.6/version2.7.11b/transcriptInfo.tab",
                "Caenorhabditis_elegans/NCBI/WBcel235/Sequence/WholeGenomeFasta",
                "Caenorhabditis_elegans/NCBI/WBcel235/Sequence/WholeGenomeFasta/GCF_000002985.6_WBcel235_genomic.dict",
                "Caenorhabditis_elegans/NCBI/WBcel235/Sequence/WholeGenomeFasta/GCF_000002985.6_WBcel235_genomic.fna",
                "Caenorhabditis_elegans/NCBI/WBcel235/Sequence/WholeGenomeFasta/GCF_000002985.6_WBcel235_genomic.fna.fai",
                "index.json",
                "multiqc",
                "multiqc/multiqc_data",
                "multiqc/multiqc_data/multiqc.log",
                "multiqc/multiqc_data/multiqc_citations.txt",
                "multiqc/multiqc_data/multiqc_data.json",
                "multiqc/multiqc_data/multiqc_software_versions.txt",
                "multiqc/multiqc_data/multiqc_sources.txt",
                "multiqc/multiqc_report.html",
                "pipeline_info",
                "pipeline_info/nf_core_references_software_mqc_versions.yml"
            ],
            [
                "GCF_000002985.6_WBcel235_genomic.gff:md5,1d9345a72d94695b2538afa1bdf0aa0d",
                "GCF_000002985.6_WBcel235_genomic.gtf:md5,56a068b7ad02e260b3225726745109a3",
                "WBcel235.bed:md5,84cb3d6e8ed7c8475fc9735b19b66908",
                "GCF_000002985.6_WBcel235_genomic.amb:md5,a0741fa25fb4e5a52ac61ecc5b679ac2",
                "GCF_000002985.6_WBcel235_genomic.ann:md5,7e46a49f983e0ca1fb6ee14be12251d3",
                "GCF_000002985.6_WBcel235_genomic.bwt:md5,5ac3d4632e767b1083e542b48a56983f",
                "GCF_000002985.6_WBcel235_genomic.pac:md5,1f0196045942ef7b2d94fb80b43e9c2a",
                "GCF_000002985.6_WBcel235_genomic.sa:md5,9bd628829e7f38cce39a4fd82f6634b2",
                "GCF_000002985.6_WBcel235_genomic.fna:md5,2fa2b1575d9e722f076bafcf3b755fed",
                "Genome:md5,1db8a7b9fb0ce216f9b488e2a4077b95",
                "SA:md5,d52322ae559fe15bd61ab643d98bbc8d",
                "SAindex:md5,d59bb768e3f7583d626238150db784e1",
                "chrLength.txt:md5,f05097b2e861d6c4ba7aabd9ab3adb57",
                "chrName.txt:md5,d20e5340b7c16270e610785b20af9cce",
                "chrNameLength.txt:md5,7ca5bd1d9d220af81b785a965ed6b839",
                "chrStart.txt:md5,e913b6ededd36d63662b25a20fb48a4e",
                "exonGeTrInfo.tab:md5,6073b61cbe2f1dd04b723c18058a23e0",
                "exonInfo.tab:md5,e3e9f4a742069534803fb557b4acc137",
                "geneInfo.tab:md5,7ca7a86a201eb23993ac3de5e46e669c",
                "genome.chrlist:md5,46094719dedb5edac18cbeeccd5295e8",
                "genome.grp:md5,d7a8e45851f5ce8e26893ea303dc0949",
                "genome.idx.fa:md5,fba07c31ec614f72cb5ba47091238037",
                "genome.n2g.idx.fa:md5,fba07c31ec614f72cb5ba47091238037",
                "genome.seq:md5,0da6d1c107dd0965e6c2ce85dbf127ba",
                "genome.ti:md5,850c53a59585b964a3cc09538d22ea3b",
                "genome.transcripts.fa:md5,059947bbc5eadbb7a22667abff2c7403",
                "genomeParameters.txt:md5,4a277195f42a94802c31b448012a61d8",
                "sjdbInfo.txt:md5,99c6235b60cdbaedeec24a016b4d6786",
                "sjdbList.fromGTF.out.tab:md5,4f2624ef95a62a02428294eeb4e5a00a",
                "sjdbList.out.tab:md5,c2fef538a9a54c9391fd4e47fc71e21e",
                "transcriptInfo.tab:md5,b3355cc97ab9381c53ebb02684d26350",
                "Genome:md5,1db8a7b9fb0ce216f9b488e2a4077b95",
                "SA:md5,d52322ae559fe15bd61ab643d98bbc8d",
                "SAindex:md5,a5dc808391e14614708f3c46c3006987",
                "chrLength.txt:md5,f05097b2e861d6c4ba7aabd9ab3adb57",
                "chrName.txt:md5,d20e5340b7c16270e610785b20af9cce",
                "chrNameLength.txt:md5,7ca5bd1d9d220af81b785a965ed6b839",
                "chrStart.txt:md5,e913b6ededd36d63662b25a20fb48a4e",
                "exonGeTrInfo.tab:md5,6073b61cbe2f1dd04b723c18058a23e0",
                "exonInfo.tab:md5,e3e9f4a742069534803fb557b4acc137",
                "geneInfo.tab:md5,7ca7a86a201eb23993ac3de5e46e669c",
                "genomeParameters.txt:md5,4d276b3058026c1af299eee4a4af0576",
                "sjdbInfo.txt:md5,99c6235b60cdbaedeec24a016b4d6786",
                "sjdbList.fromGTF.out.tab:md5,4f2624ef95a62a02428294eeb4e5a00a",
                "sjdbList.out.tab:md5,c2fef538a9a54c9391fd4e47fc71e21e",
                "transcriptInfo.tab:md5,b3355cc97ab9381c53ebb02684d26350",
                "GCF_000002985.6_WBcel235_genomic.dict:md5,95224495c9500f3283bbf009ffd0d990",
                "GCF_000002985.6_WBcel235_genomic.fna:md5,2fa2b1575d9e722f076bafcf3b755fed",
                "GCF_000002985.6_WBcel235_genomic.fna.fai:md5,5765b3ad41f8ad61dc582fba226214bf",
                "multiqc_citations.txt:md5,4c806e63a283ec1b7e78cdae3a923d4f"
            ]
        ],
        "meta": {
            "nf-test": "0.9.2",
            "nextflow": "24.10.3"
        },
        "timestamp": "2025-01-09T17:08:15.313945179"
    }
}